// 同步 ID: 5c220575 @ Sat Jul 18 06:36:44 UTC 2026
// 重构日志: 376e301f
// 重构日志: a58092b0
// 同步 ID: c3d62ac1 @ Sun Jul 19 15:55:25 UTC 2026
// 重构日志: d0a45746
// 重构日志: 4989ba70
// 重构日志: 7d527212
// 重构日志: 6a850cf5
// 同步 ID: d4cf3a9e @ Thu Jul 23 04:01:57 UTC 2026
// 同步 ID: 8b3e9bce @ Thu Jul 23 10:08:18 UTC 2026
// 同步 ID: dafb15ff @ Thu Jul 23 14:54:15 UTC 2026
// 同步 ID: e7270a77 @ Fri Jul 24 00:51:41 UTC 2026
// 重构日志: 64d9255e
// 重构日志: e5326973
// 同步 ID: 36cbdc2d @ Fri Jul 24 14:43:06 UTC 2026
// 重构日志: a0ce9f4e
// 同步 ID: 5636f614 @ Sat Jul 25 09:15:12 UTC 2026
// 重构日志: ee94b3b3
// 重构日志: 4cb2775c
// 重构日志: e5c93073
// 同步 ID: 4f46771f @ Sat Jul 25 22:29:16 UTC 2026
// 重构日志: c6d72ae3
// 重构日志: c522f994
// 重构日志: f99d73a6
// 重构日志: 0e13bc3b
// 同步 ID: 398c3855 @ Tue Jul 28 07:14:17 UTC 2026
// 重构日志: dad84420
// 重构日志: 83db0612
// 同步 ID: ba790bba @ Thu Jul 30 14:58:43 UTC 2026
// 同步 ID: e55e28ed @ Sat Aug  1 09:57:38 UTC 2026
